{"command":"npm run generate:index-sensitivity","exitCode":0}
> civica@0.1.0 generate:index-sensitivity
> tsx scripts/generate-index-sensitivity-analysis.ts

{
  "resultSha256": "49576076eaf6920594d4c51290fb0164b8ab8e82abec5e4a7b05ab313aa8b7c6",
  "base": {
    "coverage": 193,
    "hash": "bc69a95639ed12d08bc85e2da8dc077148848bd88f049bc942bd3ab3a60f4466"
  },
  "dominantChoices": [
    {
      "id": "drop_freedom_rights",
      "category": "indicator_inclusion",
      "rankSpearman": 0.9859116945673853,
      "p95AbsoluteRankShift": 33.19999999999999,
      "coverage": 177
    },
    {
      "id": "drop_democratic_quality",
      "category": "indicator_inclusion",
      "rankSpearman": 0.9926782056935414,
      "p95AbsoluteRankShift": 25.19999999999999,
      "coverage": 177
    },
    {
      "id": "median_aggregation",
      "category": "aggregation",
      "rankSpearman": 0.9933115826572271,
      "p95AbsoluteRankShift": 14,
      "coverage": 193
    },
    {
      "id": "within_year_percentiles",
      "category": "normalization",
      "rankSpearman": 0.9940512566259251,
      "p95AbsoluteRankShift": 14,
      "coverage": 193
    },
    {
      "id": "drop_corruption_control",
      "category": "indicator_inclusion",
      "rankSpearman": 0.995153351400263,
      "p95AbsoluteRankShift": 10.399999999999977,
      "coverage": 193
    }
  ],
  "uncertainty": {
    "eligibleCountries": 177,
    "scenarios": [
      {
        "id": "lower",
        "interpretation": "perfect same-direction bound stress",
        "common": 177,
        "coverage": 177,
        "scoreSpearman": 0.9993408431702907,
        "rankSpearman": 0.9993408431702907,
        "medianAbsoluteRankShift": 1,
        "p95AbsoluteRankShift": 4,
        "maxAbsoluteRankShift": 11,
        "topDecileJaccard": 0.8947368421052632,
        "comparisonSha256": "98c9b00a7a35ca298489afd74f3c843941be383439d78175a9fb8c64f2c35f34"
      },
      {
        "id": "upper",
        "interpretation": "perfect same-direction bound stress",
        "common": 177,
        "coverage": 177,
        "scoreSpearman": 0.9992461551106558,
        "rankSpearman": 0.9992461551106558,
        "medianAbsoluteRankShift": 1,
        "p95AbsoluteRankShift": 4.199999999999989,
        "maxAbsoluteRankShift": 9,
        "topDecileJaccard": 1,
        "comparisonSha256": "fa892bc648b1c281581a194523ab58229008900ea3f88c46379fe47b93622a4c"
      },
      {
        "id": "alternating",
        "interpretation": "counter-direction dependence stress",
        "common": 177,
        "coverage": 177,
        "scoreSpearman": 0.9995464912382169,
        "rankSpearman": 0.9995464912382169,
        "medianAbsoluteRankShift": 1,
        "p95AbsoluteRankShift": 3,
        "maxAbsoluteRankShift": 7,
        "topDecileJaccard": 1,
        "comparisonSha256": "78a7f61157156d6e848a1a4714bef4554451a092de378526b3836372b61f4faf"
      }
    ],
    "freedomHouseTreatment": "point held fixed because no per-country probability distribution is published",
    "covarianceInterpretation": "bound stress under same-direction and counter-direction dependence; not a calibrated probability interval"
  },
  "vintage": {
    "vdemV14V15": {
      "comparableScores": 3088,
      "medianAbsoluteK1Shift": 0,
      "p95AbsoluteK1Shift": 1,
      "maxAbsoluteK1Shift": 2,
      "nonzeroShifts": 526,
      "shiftsAboveThreePoints": 0,
      "largestShifts": [
        {
          "iso3": "AFG",
          "year": 2006,
          "oldScore": 21,
          "revisedScore": 23,
          "absoluteShift": 2
        },
        {
          "iso3": "AFG",
          "year": 2007,
          "oldScore": 21,
          "revisedScore": 23,
          "absoluteShift": 2
        },
        {
          "iso3": "AFG",
          "year": 2008,
          "oldScore": 21,
          "revisedScore": 22,
          "absoluteShift": 1
        },
        {
          "iso3": "AFG",
          "year": 2009,
          "oldScore": 19,
          "revisedScore": 20,
          "absoluteShift": 1
        },
        {
          "iso3": "AFG",
          "year": 2010,
          "oldScore": 16,
          "revisedScore": 17,
          "absoluteShift": 1
        },
        {
          "iso3": "AFG",
          "year": 2011,
          "oldScore": 16,
          "revisedScore": 17,
          "absoluteShift": 1
        },
        {
          "iso3": "AFG",
          "year": 2012,
          "oldScore": 14,
          "revisedScore": 15,
          "absoluteShift": 1
        },
        {
          "iso3": "AFG",
          "year": 2013,
          "oldScore": 15,
          "revisedScore": 16,
          "absoluteShift": 1
        },
        {
          "iso3": "AFG",
          "year": 2015,
          "oldScore": 16,
          "revisedScore": 17,
          "absoluteShift": 1
        },
        {
          "iso3": "AFG",
          "year": 2016,
          "oldScore": 17,
          "revisedScore": 18,
          "absoluteShift": 1
        }
      ],
      "shiftSha256": "c149f2d3e6f2fdac2c8014424eff3957b49e7e64bff3fb48d38efe7125c15ee4"
    },
    "qogLabelEditions": {
      "jan24VsJan26": {
        "commonStart": 1946,
        "commonEnd": 2023,
        "a": 219,
        "b": 258,
        "intersection": 219,
        "union": 258,
        "jaccard": 0.8488372093023255,
        "bEventsAfterCommonEnd": 6
      },
      "jan25VsJan26": {
        "commonStart": 1946,
        "commonEnd": 2024,
        "a": 260,
        "b": 260,
        "intersection": 259,
        "union": 261,
        "jaccard": 0.9923371647509579,
        "bEventsAfterCommonEnd": 4
      }
    }
  }
}
